[2023-03-23 07:18:16][75] Processing: App\Jobs\SendEmail
[2023-03-23 07:18:16][75] Processed:  App\Jobs\SendEmail
[2023-03-23 07:41:29][76] Processing: App\Jobs\SendEmail
[2023-03-23 07:41:30][76] Processed:  App\Jobs\SendEmail
[2023-03-23 07:43:06][77] Processing: App\Jobs\SendEmail
[2023-03-23 07:43:07][77] Processed:  App\Jobs\SendEmail
[2023-03-23 07:43:25][78] Processing: App\Jobs\SendEmail
[2023-03-23 07:43:26][78] Processed:  App\Jobs\SendEmail
[2023-03-23 08:12:27][79] Processing: App\Jobs\SendEmail
[2023-03-23 08:12:28][79] Processed:  App\Jobs\SendEmail
[2023-03-23 08:19:43][80] Processing: App\Jobs\SendEmail
[2023-03-23 08:19:44][80] Processed:  App\Jobs\SendEmail
[2023-03-23 11:23:49][81] Processing: App\Jobs\SendEmail
[2023-03-23 11:23:50][81] Processed:  App\Jobs\SendEmail
[2023-03-23 19:09:47][82] Processing: App\Jobs\SendEmail
[2023-03-23 19:09:48][82] Processed:  App\Jobs\SendEmail
[2023-03-23 19:11:03][83] Processing: App\Jobs\SendEmail
[2023-03-23 19:11:03][83] Processed:  App\Jobs\SendEmail
[2023-03-24 01:46:40][84] Processing: App\Jobs\SendEmail
[2023-03-24 01:46:40][84] Failed:     App\Jobs\SendEmail
[2023-03-24 06:41:27][85] Processing: App\Jobs\SendEmail
[2023-03-24 06:41:27][85] Processed:  App\Jobs\SendEmail
[2023-03-24 10:16:17][86] Processing: App\Jobs\SendEmail
[2023-03-24 10:16:17][86] Processed:  App\Jobs\SendEmail
[2023-03-24 14:37:09][87] Processing: App\Jobs\SendEmail
[2023-03-24 14:37:09][87] Processed:  App\Jobs\SendEmail
[2023-03-24 14:38:33][88] Processing: App\Jobs\SendEmail
[2023-03-24 14:38:34][88] Processed:  App\Jobs\SendEmail
[2023-03-24 14:39:49][89] Processing: App\Jobs\SendEmail
[2023-03-24 14:39:49][89] Failed:     App\Jobs\SendEmail
[2023-03-24 14:54:44][90] Processing: App\Jobs\SendEmail
[2023-03-24 14:54:44][90] Processed:  App\Jobs\SendEmail
[2023-03-24 15:01:26][91] Processing: App\Jobs\SendEmail
[2023-03-24 15:01:27][91] Processed:  App\Jobs\SendEmail
[2023-03-24 15:01:39][92] Processing: App\Jobs\SendEmail
[2023-03-24 15:01:39][92] Failed:     App\Jobs\SendEmail
[2023-03-24 15:02:18][93] Processing: App\Jobs\SendEmail
[2023-03-24 15:02:18][93] Failed:     App\Jobs\SendEmail
[2023-03-24 15:28:52][94] Processing: App\Jobs\SendEmail
[2023-03-24 15:28:52][94] Processed:  App\Jobs\SendEmail
[2023-03-24 15:29:13][95] Processing: App\Jobs\SendEmail
[2023-03-24 15:29:14][95] Processed:  App\Jobs\SendEmail
[2023-03-24 15:34:29][96] Processing: App\Jobs\SendEmail
[2023-03-24 15:34:30][96] Processed:  App\Jobs\SendEmail
[2023-03-24 15:46:07][97] Processing: App\Jobs\SendEmail
[2023-03-24 15:46:07][97] Failed:     App\Jobs\SendEmail
[2023-03-24 15:46:40][98] Processing: App\Jobs\SendEmail
[2023-03-24 15:46:40][98] Processed:  App\Jobs\SendEmail
[2023-03-24 15:50:29][99] Processing: App\Jobs\SendEmail
[2023-03-24 15:50:29][99] Failed:     App\Jobs\SendEmail
[2023-03-24 16:00:23][100] Processing: App\Jobs\SendEmail
[2023-03-24 16:00:24][100] Processed:  App\Jobs\SendEmail
[2023-03-24 16:00:57][101] Processing: App\Jobs\SendEmail
[2023-03-24 16:00:57][101] Failed:     App\Jobs\SendEmail
[2023-03-24 16:02:06][102] Processing: App\Jobs\SendEmail
[2023-03-24 16:02:06][102] Processed:  App\Jobs\SendEmail
[2023-03-24 16:06:06][103] Processing: App\Jobs\SendEmail
[2023-03-24 16:06:06][103] Processed:  App\Jobs\SendEmail
[2023-03-24 16:08:52][104] Processing: App\Jobs\SendEmail
[2023-03-24 16:08:52][104] Failed:     App\Jobs\SendEmail
[2023-03-24 16:22:10][105] Processing: App\Jobs\SendEmail
[2023-03-24 16:22:11][105] Processed:  App\Jobs\SendEmail
[2023-03-24 16:22:29][106] Processing: App\Jobs\SendEmail
[2023-03-24 16:22:29][106] Processed:  App\Jobs\SendEmail
[2023-03-24 16:28:00][107] Processing: App\Jobs\SendEmail
[2023-03-24 16:28:00][107] Failed:     App\Jobs\SendEmail
[2023-03-24 16:28:30][108] Processing: App\Jobs\SendEmail
[2023-03-24 16:28:30][108] Processed:  App\Jobs\SendEmail
[2023-03-24 16:29:03][109] Processing: App\Jobs\SendEmail
[2023-03-24 16:29:03][109] Processed:  App\Jobs\SendEmail
[2023-03-24 16:41:31][110] Processing: App\Jobs\SendEmail
[2023-03-24 16:41:31][110] Processed:  App\Jobs\SendEmail
[2023-03-24 16:41:40][111] Processing: App\Jobs\SendEmail
[2023-03-24 16:41:41][111] Processed:  App\Jobs\SendEmail
[2023-03-24 16:42:05][112] Processing: App\Jobs\SendEmail
[2023-03-24 16:42:05][112] Processed:  App\Jobs\SendEmail
[2023-03-24 16:42:32][113] Processing: App\Jobs\SendEmail
[2023-03-24 16:42:32][113] Processed:  App\Jobs\SendEmail
[2023-03-24 16:45:05][114] Processing: App\Jobs\SendEmail
[2023-03-24 16:45:06][114] Processed:  App\Jobs\SendEmail
[2023-03-24 16:53:54][115] Processing: App\Jobs\SendEmail
[2023-03-24 16:53:54][115] Processed:  App\Jobs\SendEmail
[2023-03-24 16:56:06][116] Processing: App\Jobs\SendEmail
[2023-03-24 16:56:07][116] Processed:  App\Jobs\SendEmail
[2023-03-24 16:56:58][117] Processing: App\Jobs\SendEmail
[2023-03-24 16:56:59][117] Processed:  App\Jobs\SendEmail
[2023-03-24 17:52:07][118] Processing: App\Jobs\SendEmail
[2023-03-24 17:52:08][118] Processed:  App\Jobs\SendEmail
[2023-03-24 19:00:56][119] Processing: App\Jobs\SendEmail
[2023-03-24 19:00:57][119] Processed:  App\Jobs\SendEmail
[2023-03-24 22:49:02][120] Processing: App\Jobs\SendEmail
[2023-03-24 22:49:02][120] Processed:  App\Jobs\SendEmail
[2023-03-27 12:27:04][121] Processing: App\Jobs\SendEmail
[2023-03-27 12:27:05][121] Processed:  App\Jobs\SendEmail
[2023-03-27 18:16:15][122] Processing: App\Jobs\SendEmail
[2023-03-27 18:16:16][122] Processed:  App\Jobs\SendEmail
[2023-03-27 18:42:26][123] Processing: App\Jobs\SendEmail
[2023-03-27 18:42:26][123] Processed:  App\Jobs\SendEmail
[2023-03-27 18:45:57][124] Processing: App\Jobs\SendEmail
[2023-03-27 18:45:57][124] Processed:  App\Jobs\SendEmail
[2023-03-27 20:42:44][125] Processing: App\Jobs\SendEmail
[2023-03-27 20:42:45][125] Processed:  App\Jobs\SendEmail
[2023-03-27 20:43:48][126] Processing: App\Jobs\SendEmail
[2023-03-27 20:43:48][126] Processed:  App\Jobs\SendEmail
[2023-03-27 20:46:36][127] Processing: App\Jobs\SendEmail
[2023-03-27 20:46:37][127] Processed:  App\Jobs\SendEmail
[2023-03-27 22:11:50][128] Processing: App\Jobs\SendEmail
[2023-03-27 22:11:50][128] Processed:  App\Jobs\SendEmail
[2023-03-27 22:13:05][129] Processing: App\Jobs\SendEmail
[2023-03-27 22:13:06][129] Processed:  App\Jobs\SendEmail
[2023-03-27 22:21:55][130] Processing: App\Jobs\SendEmail
[2023-03-27 22:21:55][130] Processed:  App\Jobs\SendEmail
[2023-03-27 22:22:13][131] Processing: App\Jobs\SendEmail
[2023-03-27 22:22:14][131] Processed:  App\Jobs\SendEmail
[2023-03-27 22:23:17][132] Processing: App\Jobs\SendEmail
[2023-03-27 22:23:17][132] Processed:  App\Jobs\SendEmail
[2023-03-27 22:33:57][133] Processing: App\Jobs\SendEmail
[2023-03-27 22:33:57][133] Processed:  App\Jobs\SendEmail
[2023-03-27 22:49:58][134] Processing: App\Jobs\SendEmail
[2023-03-27 22:49:58][134] Processed:  App\Jobs\SendEmail
[2023-03-27 22:52:38][135] Processing: App\Jobs\SendEmail
[2023-03-27 22:52:38][135] Processed:  App\Jobs\SendEmail
[2023-03-27 23:01:29][136] Processing: App\Jobs\SendEmail
[2023-03-27 23:01:30][136] Processed:  App\Jobs\SendEmail
[2023-03-27 23:02:30][137] Processing: App\Jobs\SendEmail
[2023-03-27 23:02:31][137] Processed:  App\Jobs\SendEmail
[2023-03-27 23:02:55][138] Processing: App\Jobs\SendEmail
[2023-03-27 23:02:55][138] Processed:  App\Jobs\SendEmail
[2023-03-28 07:36:40][139] Processing: App\Jobs\SendEmail
[2023-03-28 07:36:41][139] Processed:  App\Jobs\SendEmail
[2023-03-29 11:42:57][140] Processing: App\Notifications\MobileVerification
[2023-03-29 11:42:57][140] Processed:  App\Notifications\MobileVerification
[2023-03-29 11:43:15][141] Processing: App\Notifications\MobileVerification
[2023-03-29 11:43:15][141] Processed:  App\Notifications\MobileVerification
[2023-03-29 12:17:49][145] Processing: App\Notifications\MobileVerification
[2023-03-29 12:17:49][145] Processed:  App\Notifications\MobileVerification
[2023-03-29 12:43:30][146] Processing: App\Jobs\SendEmail
[2023-03-29 12:43:31][146] Processed:  App\Jobs\SendEmail
[2023-03-29 14:22:06][147] Processing: App\Notifications\MobileVerification
[2023-03-29 14:22:06][147] Processed:  App\Notifications\MobileVerification
[2023-03-29 14:30:28][148] Processing: App\Notifications\MobileVerification
[2023-03-29 14:30:29][148] Processed:  App\Notifications\MobileVerification
[2023-03-29 16:02:00][149] Processing: App\Notifications\MobileVerification
[2023-03-29 16:02:01][149] Processed:  App\Notifications\MobileVerification
[2023-03-29 16:08:52][150] Processing: App\Notifications\MobileVerification
[2023-03-29 16:08:53][150] Processed:  App\Notifications\MobileVerification
[2023-03-29 16:10:35][151] Processing: App\Notifications\MobileVerification
[2023-03-29 16:10:35][151] Processed:  App\Notifications\MobileVerification
[2023-03-29 16:12:47][152] Processing: App\Notifications\MobileVerification
[2023-03-29 16:12:48][152] Processed:  App\Notifications\MobileVerification
[2023-03-29 16:17:21][153] Processing: App\Notifications\MobileVerification
[2023-03-29 16:17:22][153] Processed:  App\Notifications\MobileVerification
[2023-03-29 16:21:16][154] Processing: App\Notifications\MobileVerification
[2023-03-29 16:21:16][154] Processed:  App\Notifications\MobileVerification
[2023-03-29 16:23:20][155] Processing: App\Notifications\MobileVerification
[2023-03-29 16:23:20][155] Processed:  App\Notifications\MobileVerification
[2023-03-29 16:43:57][156] Processing: App\Notifications\MobileVerification
[2023-03-29 16:43:58][156] Processed:  App\Notifications\MobileVerification
[2023-03-29 16:57:55][157] Processing: App\Notifications\MobileVerification
[2023-03-29 16:57:56][157] Processed:  App\Notifications\MobileVerification
[2023-03-29 17:12:27][158] Processing: App\Notifications\MobileVerification
[2023-03-29 17:12:27][158] Processed:  App\Notifications\MobileVerification
[2023-03-29 17:44:35][159] Processing: App\Notifications\MobileVerification
[2023-03-29 17:44:35][159] Processed:  App\Notifications\MobileVerification
[2023-03-29 17:50:09][160] Processing: App\Notifications\MobileVerification
[2023-03-29 17:50:09][160] Processed:  App\Notifications\MobileVerification
[2023-03-29 17:54:33][161] Processing: App\Jobs\SendEmail
[2023-03-29 17:54:34][161] Processed:  App\Jobs\SendEmail
[2023-03-30 05:51:40][162] Processing: App\Notifications\MobileVerification
[2023-03-30 05:51:41][162] Processed:  App\Notifications\MobileVerification
[2023-03-30 05:56:59][163] Processing: App\Notifications\MobileVerification
[2023-03-30 05:57:00][163] Processed:  App\Notifications\MobileVerification
[2023-03-30 05:59:18][164] Processing: App\Notifications\MobileVerification
[2023-03-30 05:59:18][164] Processed:  App\Notifications\MobileVerification
[2023-03-30 06:07:01][165] Processing: App\Notifications\MobileVerification
[2023-03-30 06:07:01][165] Processed:  App\Notifications\MobileVerification
[2023-03-30 10:53:42][166] Processing: App\Jobs\SendEmail
[2023-03-30 10:53:42][166] Processed:  App\Jobs\SendEmail
[2023-03-30 16:57:44][167] Processing: App\Jobs\SendEmail
[2023-03-30 16:57:45][167] Processed:  App\Jobs\SendEmail
[2023-03-30 17:09:40][168] Processing: App\Jobs\SendEmail
[2023-03-30 17:09:40][168] Processed:  App\Jobs\SendEmail
[2023-03-30 19:02:10][169] Processing: App\Jobs\SendEmail
[2023-03-30 19:02:10][169] Processed:  App\Jobs\SendEmail
[2023-04-01 18:50:24][170] Processing: App\Jobs\SendEmail
[2023-04-01 18:50:25][170] Processed:  App\Jobs\SendEmail
[2023-04-01 18:54:01][171] Processing: App\Jobs\SendEmail
[2023-04-01 18:54:02][171] Processed:  App\Jobs\SendEmail
[2023-04-04 07:30:24][172] Processing: App\Jobs\SendEmail
[2023-04-04 07:30:25][172] Processed:  App\Jobs\SendEmail
[2023-04-19 02:08:39][173] Processing: App\Notifications\MobileVerification
[2023-04-19 02:08:40][173] Processed:  App\Notifications\MobileVerification
[2023-04-19 02:09:58][174] Processing: App\Notifications\MobileVerification
[2023-04-19 02:09:59][174] Processed:  App\Notifications\MobileVerification
[2023-04-19 02:10:44][175] Processing: App\Notifications\MobileVerification
[2023-04-19 02:10:44][175] Processed:  App\Notifications\MobileVerification
[2023-04-19 12:45:05][1] Processing: App\Jobs\SendEmail
[2023-04-19 12:45:06][1] Processed:  App\Jobs\SendEmail
[2023-04-27 20:19:17][2] Processing: App\Jobs\SendEmail
[2023-04-27 20:19:18][2] Processed:  App\Jobs\SendEmail
[2023-06-20 08:58:35][8] Processing: App\Jobs\SendEmail
[2023-06-20 08:58:36][8] Processed:  App\Jobs\SendEmail
[2023-06-20 08:58:51][9] Processing: App\Jobs\SendEmail
[2023-06-20 08:58:51][9] Processed:  App\Jobs\SendEmail
[2023-06-20 09:00:22][10] Processing: App\Jobs\SendEmail
[2023-06-20 09:00:22][10] Processed:  App\Jobs\SendEmail
[2023-06-20 09:12:35][11] Processing: App\Jobs\SendEmail
[2023-06-20 09:12:35][11] Processed:  App\Jobs\SendEmail
[2023-06-20 20:21:09][12] Processing: App\Jobs\SendEmail
[2023-06-20 20:21:10][12] Processed:  App\Jobs\SendEmail
[2023-06-21 09:39:57][13] Processing: App\Jobs\SendEmail
[2023-06-21 09:39:58][13] Processed:  App\Jobs\SendEmail
[2023-06-21 22:57:35][14] Processing: App\Jobs\SendEmail
[2023-06-21 22:57:36][14] Processed:  App\Jobs\SendEmail
[2023-06-22 02:52:17][15] Processing: App\Jobs\SendEmail
[2023-06-22 02:52:18][15] Processed:  App\Jobs\SendEmail
[2023-07-13 18:43:15][16] Processing: App\Notifications\MobileVerification
[2023-07-13 18:43:16][16] Processed:  App\Notifications\MobileVerification
[2023-08-03 11:25:15][17] Processing: App\Jobs\SendEmail
[2023-08-03 11:25:15][17] Failed:     App\Jobs\SendEmail
[2023-08-03 11:25:16][18] Processing: App\Jobs\SendEmail
[2023-08-03 11:25:16][18] Failed:     App\Jobs\SendEmail
[2023-08-03 11:25:16][19] Processing: App\Jobs\SendEmail
[2023-08-03 11:25:16][19] Failed:     App\Jobs\SendEmail
[2023-08-03 11:26:25][20] Processing: App\Jobs\SendEmail
[2023-08-03 11:26:26][20] Failed:     App\Jobs\SendEmail
[2023-08-03 11:27:23][21] Processing: App\Jobs\SendEmail
[2023-08-03 11:27:23][21] Failed:     App\Jobs\SendEmail
[2023-08-03 11:33:14][22] Processing: App\Jobs\SendEmail
[2023-08-03 11:33:14][22] Failed:     App\Jobs\SendEmail
[2023-08-03 11:35:02][23] Processing: App\Jobs\SendEmail
[2023-08-03 11:35:03][23] Failed:     App\Jobs\SendEmail
[2023-08-03 11:37:30][24] Processing: App\Jobs\SendEmail
[2023-08-03 11:37:30][24] Failed:     App\Jobs\SendEmail
[2023-08-03 11:41:30][25] Processing: App\Jobs\SendEmail
[2023-08-03 11:41:31][25] Failed:     App\Jobs\SendEmail
[2023-08-03 11:45:37][26] Processing: App\Jobs\SendEmail
[2023-08-03 11:45:37][26] Failed:     App\Jobs\SendEmail
[2023-08-03 12:00:24][27] Processing: App\Jobs\SendEmail
[2023-08-03 12:00:24][27] Failed:     App\Jobs\SendEmail
[2023-08-03 12:02:27][28] Processing: App\Jobs\SendEmail
[2023-08-03 12:02:27][28] Failed:     App\Jobs\SendEmail
[2023-08-03 12:04:15][29] Processing: App\Jobs\SendEmail
[2023-08-03 12:04:16][29] Failed:     App\Jobs\SendEmail
[2023-08-03 12:10:19][30] Processing: App\Jobs\SendEmail
[2023-08-03 12:10:19][30] Failed:     App\Jobs\SendEmail
[2023-08-03 12:14:28][31] Processing: App\Jobs\SendEmail
[2023-08-03 12:14:29][31] Failed:     App\Jobs\SendEmail
[2023-08-05 07:36:28][32] Processing: App\Jobs\SendEmail
[2023-08-05 07:36:28][32] Failed:     App\Jobs\SendEmail
[2023-08-05 07:40:34][33] Processing: App\Jobs\SendEmail
[2023-08-05 07:40:34][33] Failed:     App\Jobs\SendEmail
[2023-08-05 07:42:10][34] Processing: App\Jobs\SendEmail
[2023-08-05 07:42:10][34] Failed:     App\Jobs\SendEmail
[2023-08-05 07:46:22][35] Processing: App\Jobs\SendEmail
[2023-08-05 07:46:23][35] Failed:     App\Jobs\SendEmail
[2023-08-05 07:48:17][36] Processing: App\Jobs\SendEmail
[2023-08-05 07:48:17][36] Failed:     App\Jobs\SendEmail
[2023-08-05 07:51:17][37] Processing: App\Jobs\SendEmail
[2023-08-05 07:51:17][37] Failed:     App\Jobs\SendEmail
[2023-08-05 10:00:47][38] Processing: App\Jobs\SendEmail
[2023-08-05 10:00:47][38] Failed:     App\Jobs\SendEmail
[2023-08-09 13:10:51][39] Processing: App\Jobs\SendEmail
[2023-08-09 13:10:51][39] Processed:  App\Jobs\SendEmail
[2023-08-09 15:40:21][40] Processing: App\Jobs\SendEmail
[2023-08-09 15:40:22][40] Failed:     App\Jobs\SendEmail
[2023-08-10 06:22:19][41] Processing: App\Jobs\SendEmail
[2023-08-10 06:22:19][41] Failed:     App\Jobs\SendEmail
[2023-08-10 08:40:20][42] Processing: App\Jobs\SendEmail
[2023-08-10 08:40:20][42] Failed:     App\Jobs\SendEmail
[2023-08-10 08:43:11][43] Processing: App\Jobs\SendEmail
[2023-08-10 08:43:11][43] Failed:     App\Jobs\SendEmail
[2023-08-10 08:47:54][44] Processing: App\Jobs\SendEmail
[2023-08-10 08:47:54][44] Failed:     App\Jobs\SendEmail
[2023-08-10 08:53:54][45] Processing: App\Jobs\SendEmail
[2023-08-10 08:53:54][45] Failed:     App\Jobs\SendEmail
[2023-08-10 08:59:45][46] Processing: App\Jobs\SendEmail
[2023-08-10 08:59:45][46] Failed:     App\Jobs\SendEmail
[2023-08-10 09:05:45][47] Processing: App\Jobs\SendEmail
[2023-08-10 09:05:45][47] Failed:     App\Jobs\SendEmail
[2023-08-10 09:08:06][48] Processing: App\Jobs\SendEmail
[2023-08-10 09:08:06][48] Failed:     App\Jobs\SendEmail
[2023-08-10 09:10:43][49] Processing: App\Jobs\SendEmail
[2023-08-10 09:10:43][49] Failed:     App\Jobs\SendEmail
[2023-08-10 09:19:34][50] Processing: App\Jobs\SendEmail
[2023-08-10 09:19:34][50] Failed:     App\Jobs\SendEmail
[2023-08-10 10:13:59][51] Processing: App\Jobs\SendEmail
[2023-08-10 10:13:59][51] Failed:     App\Jobs\SendEmail
[2023-08-10 10:18:32][52] Processing: App\Jobs\SendEmail
[2023-08-10 10:18:33][52] Failed:     App\Jobs\SendEmail
[2023-08-10 10:19:42][53] Processing: App\Jobs\SendEmail
[2023-08-10 10:19:42][53] Failed:     App\Jobs\SendEmail
[2023-08-10 10:21:27][54] Processing: App\Jobs\SendEmail
[2023-08-10 10:21:27][54] Failed:     App\Jobs\SendEmail
[2023-08-10 10:24:12][55] Processing: App\Jobs\SendEmail
[2023-08-10 10:24:12][55] Failed:     App\Jobs\SendEmail
[2023-08-10 11:22:29][56] Processing: App\Jobs\SendEmail
[2023-08-10 11:22:30][56] Failed:     App\Jobs\SendEmail
[2023-08-10 11:33:15][57] Processing: App\Jobs\SendEmail
[2023-08-10 11:33:15][57] Failed:     App\Jobs\SendEmail
[2023-08-10 11:36:51][58] Processing: App\Jobs\SendEmail
[2023-08-10 11:36:51][58] Failed:     App\Jobs\SendEmail
[2023-08-10 11:38:42][59] Processing: App\Jobs\SendEmail
[2023-08-10 11:38:42][59] Failed:     App\Jobs\SendEmail
[2023-08-10 11:43:41][60] Processing: App\Jobs\SendEmail
[2023-08-10 11:43:42][60] Processed:  App\Jobs\SendEmail
[2023-08-10 11:48:03][61] Processing: App\Jobs\SendEmail
[2023-08-10 11:48:03][61] Processed:  App\Jobs\SendEmail
[2023-08-10 11:49:03][62] Processing: App\Jobs\SendEmail
[2023-08-10 11:49:03][62] Processed:  App\Jobs\SendEmail
[2023-08-10 11:50:51][63] Processing: App\Jobs\SendEmail
[2023-08-10 11:50:51][63] Processed:  App\Jobs\SendEmail
[2023-08-10 12:43:56][64] Processing: App\Jobs\SendEmail
[2023-08-10 12:43:56][64] Failed:     App\Jobs\SendEmail
[2023-08-10 13:22:25][65] Processing: App\Jobs\SendEmail
[2023-08-10 13:22:25][65] Failed:     App\Jobs\SendEmail
[2023-08-10 13:33:08][66] Processing: App\Jobs\SendEmail
[2023-08-10 13:33:08][66] Failed:     App\Jobs\SendEmail
[2023-08-10 13:36:08][67] Processing: App\Jobs\SendEmail
[2023-08-10 13:36:08][67] Processed:  App\Jobs\SendEmail
[2023-08-10 13:37:21][68] Processing: App\Jobs\SendEmail
[2023-08-10 13:37:21][68] Processed:  App\Jobs\SendEmail
[2023-08-10 13:37:45][69] Processing: App\Jobs\SendEmail
[2023-08-10 13:37:45][69] Processed:  App\Jobs\SendEmail
[2023-08-13 14:36:15][70] Processing: App\Jobs\SendEmail
[2023-08-13 14:36:16][70] Processed:  App\Jobs\SendEmail
[2023-08-14 15:30:26][71] Processing: App\Jobs\SendEmail
[2023-08-14 15:30:27][71] Processed:  App\Jobs\SendEmail
[2023-08-17 11:08:45][72] Processing: App\Jobs\SendEmail
[2023-08-17 11:08:45][72] Processed:  App\Jobs\SendEmail
[2023-08-18 04:07:15][73] Processing: App\Jobs\SendEmail
[2023-08-18 04:07:15][73] Processed:  App\Jobs\SendEmail
[2023-08-18 04:07:43][74] Processing: App\Jobs\SendEmail
[2023-08-18 04:07:43][74] Processed:  App\Jobs\SendEmail
[2023-08-21 12:25:58][75] Processing: App\Jobs\SendEmail
[2023-08-21 12:25:58][75] Failed:     App\Jobs\SendEmail
[2023-08-21 12:26:40][76] Processing: App\Jobs\SendEmail
[2023-08-21 12:26:41][76] Processed:  App\Jobs\SendEmail
[2023-08-21 12:27:43][77] Processing: App\Jobs\SendEmail
[2023-08-21 12:27:44][77] Processed:  App\Jobs\SendEmail
[2023-08-21 12:34:50][78] Processing: App\Jobs\SendEmail
[2023-08-21 12:34:50][78] Processed:  App\Jobs\SendEmail
[2023-08-25 05:45:43][79] Processing: App\Jobs\SendEmail
[2023-08-25 05:45:43][79] Failed:     App\Jobs\SendEmail
[2023-08-29 18:30:21][80] Processing: App\Jobs\SendEmail
[2023-08-29 18:30:21][80] Processed:  App\Jobs\SendEmail
[2023-09-04 13:00:33][81] Processing: App\Jobs\SendEmail
[2023-09-04 13:00:33][81] Failed:     App\Jobs\SendEmail
[2023-09-05 13:06:34][82] Processing: App\Jobs\SendEmail
[2023-09-05 13:06:34][82] Failed:     App\Jobs\SendEmail
[2023-09-05 13:13:25][83] Processing: App\Jobs\SendEmail
[2023-09-05 13:13:25][83] Failed:     App\Jobs\SendEmail
[2023-09-05 13:17:38][84] Processing: App\Jobs\SendEmail
[2023-09-05 13:17:38][84] Failed:     App\Jobs\SendEmail
[2023-09-05 13:27:58][85] Processing: App\Jobs\SendEmail
[2023-09-05 13:27:59][85] Processed:  App\Jobs\SendEmail
[2023-09-05 13:30:41][86] Processing: App\Jobs\SendEmail
[2023-09-05 13:30:41][86] Processed:  App\Jobs\SendEmail
[2023-09-05 13:32:30][87] Processing: App\Jobs\SendEmail
[2023-09-05 13:32:30][87] Processed:  App\Jobs\SendEmail
[2023-09-05 13:34:54][88] Processing: App\Jobs\SendEmail
[2023-09-05 13:34:54][88] Processed:  App\Jobs\SendEmail
[2023-09-05 13:38:06][89] Processing: App\Jobs\SendEmail
[2023-09-05 13:38:07][89] Processed:  App\Jobs\SendEmail
[2023-09-06 14:51:00][90] Processing: App\Jobs\SendEmail
[2023-09-06 14:51:01][90] Processed:  App\Jobs\SendEmail
[2023-09-06 14:52:58][91] Processing: App\Jobs\SendEmail
[2023-09-06 14:52:58][91] Processed:  App\Jobs\SendEmail
[2023-09-06 15:04:50][92] Processing: App\Jobs\SendEmail
[2023-09-06 15:04:50][92] Processed:  App\Jobs\SendEmail
[2023-09-12 13:59:23][9] Processing: App\Notifications\MobileVerification
[2023-09-12 13:59:23][9] Processed:  App\Notifications\MobileVerification
[2023-09-12 13:59:24][10] Processing: App\Notifications\MobileVerification
[2023-09-12 13:59:24][10] Processed:  App\Notifications\MobileVerification
[2023-09-12 13:59:24][11] Processing: App\Notifications\MobileVerification
[2023-09-12 13:59:24][11] Processed:  App\Notifications\MobileVerification
[2023-09-12 13:59:24][12] Processing: App\Notifications\MobileVerification
[2023-09-12 13:59:25][12] Processed:  App\Notifications\MobileVerification
[2023-09-12 13:59:25][13] Processing: App\Notifications\MobileVerification
[2023-09-12 13:59:25][13] Processed:  App\Notifications\MobileVerification
[2023-09-12 13:59:25][14] Processing: App\Notifications\MobileVerification
[2023-09-12 13:59:25][14] Processed:  App\Notifications\MobileVerification
[2023-09-12 13:59:25][15] Processing: App\Notifications\MobileVerification
[2023-09-12 13:59:26][15] Processed:  App\Notifications\MobileVerification
[2023-09-12 14:00:44][16] Processing: App\Jobs\SendEmail
[2023-09-12 14:00:44][16] Failed:     App\Jobs\SendEmail
[2023-09-14 12:00:51][17] Processing: App\Jobs\SendEmail
[2023-09-14 12:00:51][17] Failed:     App\Jobs\SendEmail
[2023-09-14 12:04:15][18] Processing: App\Jobs\SendEmail
[2023-09-14 12:04:15][18] Failed:     App\Jobs\SendEmail
[2023-09-14 15:51:42][19] Processing: App\Jobs\SendEmail
[2023-09-14 15:51:42][19] Failed:     App\Jobs\SendEmail
[2023-09-14 15:53:09][20] Processing: App\Jobs\SendEmail
[2023-09-14 15:53:09][20] Failed:     App\Jobs\SendEmail
[2023-09-14 16:02:21][21] Processing: App\Jobs\SendEmail
[2023-09-14 16:02:21][21] Processed:  App\Jobs\SendEmail
[2023-09-14 17:18:11][22] Processing: App\Jobs\SendEmail
[2023-09-14 17:18:12][22] Processed:  App\Jobs\SendEmail
[2023-09-14 18:51:05][23] Processing: App\Jobs\SendEmail
[2023-09-14 18:51:05][23] Processed:  App\Jobs\SendEmail
[2023-09-14 18:51:56][24] Processing: App\Jobs\SendEmail
[2023-09-14 18:51:57][24] Processed:  App\Jobs\SendEmail
[2023-09-14 19:21:48][25] Processing: App\Jobs\SendEmail
[2023-09-14 19:21:49][25] Processed:  App\Jobs\SendEmail
[2023-09-14 19:39:25][26] Processing: App\Jobs\SendEmail
[2023-09-14 19:39:25][26] Processed:  App\Jobs\SendEmail
[2023-09-24 10:06:46][27] Processing: App\Jobs\SendEmail
[2023-09-24 10:06:47][27] Processed:  App\Jobs\SendEmail
[2023-09-27 18:52:53][28] Processing: App\Jobs\SendEmail
[2023-09-27 18:52:54][28] Processed:  App\Jobs\SendEmail
[2023-09-27 19:25:55][29] Processing: App\Jobs\SendEmail
[2023-09-27 19:25:55][29] Processed:  App\Jobs\SendEmail
[2024-03-21 10:32:16][] Processing: App\Jobs\SendEmail
[2024-03-21 10:33:16][] Failed:     App\Jobs\SendEmail
[2024-03-21 10:35:15][] Processing: App\Jobs\SendEmail
[2024-03-21 10:35:16][] Processed:  App\Jobs\SendEmail
[2024-03-21 10:54:22][] Processing: App\Jobs\SendEmail
[2024-03-21 10:54:23][] Processed:  App\Jobs\SendEmail
[2024-03-21 10:56:47][] Processing: App\Jobs\SendEmail
[2024-03-21 10:56:47][] Failed:     App\Jobs\SendEmail
[2024-03-21 10:59:32][] Processing: App\Jobs\SendEmail
[2024-03-21 10:59:33][] Failed:     App\Jobs\SendEmail
[2024-03-21 11:10:18][] Processing: App\Jobs\SendEmail
[2024-03-21 11:10:18][] Failed:     App\Jobs\SendEmail
[2024-03-21 11:12:30][] Processing: App\Jobs\SendEmail
[2024-03-21 11:12:31][] Failed:     App\Jobs\SendEmail
[2024-03-21 11:21:43][] Processing: App\Jobs\SendEmail
[2024-03-21 11:21:43][] Failed:     App\Jobs\SendEmail
[2024-03-21 11:23:43][] Processing: App\Jobs\SendEmail
[2024-03-21 11:23:43][] Failed:     App\Jobs\SendEmail
[2024-03-21 11:25:19][] Processing: App\Jobs\SendEmail
[2024-03-21 11:25:20][] Failed:     App\Jobs\SendEmail
[2024-03-21 11:26:23][] Processing: App\Jobs\SendEmail
[2024-03-21 11:26:23][] Failed:     App\Jobs\SendEmail
[2024-03-21 11:28:20][] Processing: App\Jobs\SendEmail
[2024-03-21 11:28:20][] Failed:     App\Jobs\SendEmail
[2024-03-21 11:36:59][] Processing: App\Jobs\SendEmail
[2024-03-21 11:37:00][] Failed:     App\Jobs\SendEmail
[2024-03-21 11:40:39][] Processing: App\Jobs\SendEmail
[2024-03-21 11:40:39][] Failed:     App\Jobs\SendEmail
[2024-03-21 11:59:39][] Processing: App\Jobs\SendEmail
[2024-03-21 11:59:39][] Processed:  App\Jobs\SendEmail
[2024-03-21 12:06:27][] Processing: App\Jobs\SendEmail
[2024-03-21 12:06:28][] Processed:  App\Jobs\SendEmail
[2024-03-21 14:44:52][] Processing: App\Jobs\SendEmail
[2024-03-21 14:44:53][] Processed:  App\Jobs\SendEmail
[2024-03-21 17:17:39][] Processing: App\Jobs\SendEmail
[2024-03-21 17:17:39][] Processed:  App\Jobs\SendEmail
[2024-03-21 17:23:12][] Processing: App\Jobs\SendEmail
[2024-03-21 17:23:13][] Processed:  App\Jobs\SendEmail
[2024-03-21 18:01:53][] Processing: App\Jobs\SendEmail
[2024-03-21 18:01:54][] Processed:  App\Jobs\SendEmail
[2024-03-21 18:02:48][] Processing: App\Jobs\SendEmail
[2024-03-21 18:02:48][] Processed:  App\Jobs\SendEmail
[2024-03-25 05:40:43][] Processing: App\Jobs\SendEmail
[2024-03-25 05:40:44][] Processed:  App\Jobs\SendEmail
[2024-03-27 15:11:19][] Processing: App\Notifications\MobileVerification
[2024-03-27 15:11:19][] Failed:     App\Notifications\MobileVerification
[2024-04-13 10:52:25][] Processing: App\Notifications\MobileVerification
[2024-04-13 10:52:25][] Failed:     App\Notifications\MobileVerification
[2024-04-13 10:54:55][] Processing: App\Jobs\SendEmail
[2024-04-13 10:54:56][] Processed:  App\Jobs\SendEmail
[2024-04-16 14:18:26][] Processing: App\Notifications\MobileVerification
[2024-04-16 14:18:26][] Failed:     App\Notifications\MobileVerification
[2024-04-16 15:58:03][] Processing: App\Jobs\SendEmail
[2024-04-16 15:58:03][] Processed:  App\Jobs\SendEmail
[2024-10-15 12:24:06][] Processing: App\Notifications\MobileVerification
[2024-10-15 12:24:06][] Failed:     App\Notifications\MobileVerification
[2024-10-16 08:19:46][] Processing: App\Jobs\SendEmail
[2024-10-16 08:19:47][] Processed:  App\Jobs\SendEmail
[2024-10-16 08:24:32][] Processing: App\Jobs\SendEmail
[2024-10-16 08:24:32][] Processed:  App\Jobs\SendEmail
[2024-10-16 08:43:51][] Processing: App\Jobs\SendEmail
[2024-10-16 08:43:51][] Processed:  App\Jobs\SendEmail
[2024-10-16 08:51:58][] Processing: App\Jobs\SendEmail
[2024-10-16 08:51:58][] Processed:  App\Jobs\SendEmail
[2024-10-17 04:33:59][] Processing: App\Notifications\MobileVerification
[2024-10-17 04:33:59][] Failed:     App\Notifications\MobileVerification
[2024-10-17 07:10:45][] Processing: App\Notifications\MobileVerification
[2024-10-17 07:10:45][] Failed:     App\Notifications\MobileVerification
[2024-10-17 08:40:36][] Processing: App\Notifications\MobileVerification
[2024-10-17 08:40:36][] Failed:     App\Notifications\MobileVerification
[2024-10-17 08:48:03][] Processing: App\Notifications\MobileVerification
[2024-10-17 08:48:03][] Failed:     App\Notifications\MobileVerification
[2024-10-17 08:50:42][] Processing: App\Notifications\MobileVerification
[2024-10-17 08:50:42][] Failed:     App\Notifications\MobileVerification
[2024-10-21 14:18:07][] Processing: App\Jobs\SendEmail
[2024-10-21 14:18:08][] Processed:  App\Jobs\SendEmail
[2024-10-22 10:31:19][] Processing: App\Jobs\SendEmail
[2024-10-22 10:31:19][] Processed:  App\Jobs\SendEmail
[2024-10-23 10:43:53][] Processing: App\Jobs\SendEmail
[2024-10-23 10:43:53][] Processed:  App\Jobs\SendEmail
[2024-10-26 18:06:22][] Processing: App\Jobs\SendEmail
[2024-10-26 18:06:23][] Processed:  App\Jobs\SendEmail
[2024-10-28 08:05:35][] Processing: App\Jobs\SendEmail
[2024-10-28 08:05:35][] Processed:  App\Jobs\SendEmail
